[voky.com.ua/showcase/sky-mega-menu/index.html]
[backblue.gif]
[fade.gif]
[index.html]
[voky.com.ua/showcase/sky-mega-menu/main.css]
[voky.com.ua/showcase/_js/main.js]
[voky.com.ua/showcase/sky-mega-menu/img/slide.png]
[voky.com.ua/showcase/sky-mega-menu/examples/demo-corporate.html]
[voky.com.ua/showcase/sky-mega-menu/img/demo-corporate.png]
[voky.com.ua/showcase/sky-mega-menu/examples/demo-personal.html]
[voky.com.ua/showcase/_js/jquery.min.js]
[voky.com.ua/showcase/sky-mega-menu/img/demo-personal.png]
[voky.com.ua/showcase/sky-mega-menu/examples/demo-ecommerce.html]
[voky.com.ua/showcase/sky-mega-menu/img/demo-ecommerce.png]
[voky.com.ua/showcase/sky-mega-menu/examples/demo-admin.html]
[voky.com.ua/showcase/sky-mega-menu/img/demo-admin.png]
[voky.com.ua/showcase/sky-mega-menu/examples/mobile-switcher.html]
[voky.com.ua/showcase/sky-mega-menu/img/mobile-switcher.png]
[voky.com.ua/showcase/sky-mega-menu/examples/mobile-stack.html]
[voky.com.ua/showcase/sky-mega-menu/img/mobile-stack.png]
[voky.com.ua/showcase/sky-mega-menu/examples/mobile-icons.html]
[voky.com.ua/showcase/sky-mega-menu/img/mobile-icons.png]
[voky.com.ua/showcase/sky-mega-menu/examples/mobile-disabled.html]
[voky.com.ua/showcase/sky-mega-menu/img/mobile-disabled.png]
[voky.com.ua/showcase/sky-mega-menu/examples/form-search.html]
[voky.com.ua/showcase/sky-mega-menu/img/form-search.png]
[voky.com.ua/showcase/sky-mega-menu/examples/form-contacts.html]
[voky.com.ua/showcase/sky-mega-menu/img/form-contacts.png]
[voky.com.ua/showcase/sky-mega-menu/examples/form-login.html]
[voky.com.ua/showcase/sky-mega-menu/img/form-login.png]
[voky.com.ua/showcase/sky-mega-menu/examples/ext-grid.html]
[voky.com.ua/showcase/sky-mega-menu/img/ext-grid.png]
[voky.com.ua/showcase/sky-mega-menu/examples/anim-scale.html]
[voky.com.ua/showcase/sky-mega-menu/examples/anim-flip.html]
[voky.com.ua/showcase/sky-mega-menu/examples/anim-slide.html]
[voky.com.ua/showcase/sky-mega-menu/examples/anim-fade.html]
[voky.com.ua/showcase/sky-mega-menu/examples/pos-top.html]
[voky.com.ua/showcase/sky-mega-menu/img/pos-top.png]
[voky.com.ua/showcase/sky-mega-menu/examples/pos-right.html]
[voky.com.ua/showcase/sky-mega-menu/img/pos-right.png]
[voky.com.ua/showcase/sky-mega-menu/examples/pos-bottom.html]
[voky.com.ua/showcase/sky-mega-menu/img/pos-bottom.png]
[voky.com.ua/showcase/sky-mega-menu/examples/pos-left.html]
[voky.com.ua/showcase/sky-mega-menu/img/pos-left.png]
[voky.com.ua/showcase/sky-mega-menu/examples/pos-top-fixed.html]
[voky.com.ua/showcase/sky-mega-menu/img/pos-top-fixed.png]
[voky.com.ua/showcase/sky-mega-menu/examples/pos-right-fixed.html]
[voky.com.ua/showcase/sky-mega-menu/img/pos-right-fixed.png]
[voky.com.ua/showcase/sky-mega-menu/examples/pos-bottom-fixed.html]
[voky.com.ua/showcase/sky-mega-menu/img/pos-bottom-fixed.png]
[voky.com.ua/showcase/sky-mega-menu/examples/pos-left-fixed.html]
[voky.com.ua/showcase/sky-mega-menu/img/pos-left-fixed.png]
[voky.com.ua/showcase/sky-mega-menu/examples/scheme-cyan.html]
[voky.com.ua/showcase/sky-mega-menu/img/scheme-cyan.png]
[voky.com.ua/showcase/sky-mega-menu/examples/scheme-red.html]
[voky.com.ua/showcase/sky-mega-menu/img/scheme-red.png]
[voky.com.ua/showcase/sky-mega-menu/examples/scheme-orange.html]
[voky.com.ua/showcase/sky-mega-menu/img/scheme-orange.png]
[voky.com.ua/showcase/sky-mega-menu/examples/scheme-green.html]
[voky.com.ua/showcase/sky-mega-menu/img/scheme-green.png]
[voky.com.ua/showcase/sky-mega-menu/examples/scheme-purple.html]
[voky.com.ua/showcase/sky-mega-menu/img/scheme-purple.png]
[voky.com.ua/showcase/sky-mega-menu/examples/scheme-pink.html]
[voky.com.ua/showcase/sky-mega-menu/img/scheme-pink.png]
[voky.com.ua/showcase/sky-mega-menu/examples/scheme-yellow.html]
[voky.com.ua/showcase/sky-mega-menu/img/scheme-yellow.png]
[voky.com.ua/showcase/sky-mega-menu/examples/scheme-blue.html]
[voky.com.ua/showcase/sky-mega-menu/img/scheme-blue.png]
[voky.com.ua/showcase/sky-mega-menu/examples/scheme-black.html]
[voky.com.ua/showcase/sky-mega-menu/img/scheme-black.png]
[0.s3.envato.com/files/64472120/preview.png]
[0.s3.envato.com/files/69320245/preview.png]
[0.s3.envato.com/files/59717280/preview.png]
[voky.com.ua/showcase/sky-mega-menu/index.html]
[voky.com.ua/showcase/sky-mega-menu/img/bg.jpg]
[voky.com.ua/showcase/_img/rating.png]
[voky.com.ua/showcase/sky-mega-menu/main.css]
[voky.com.ua/showcase/sky-mega-menu/examples/css/demo.css]
[voky.com.ua/showcase/sky-mega-menu/examples/css/font-awesome.css]
[voky.com.ua/showcase/sky-mega-menu/examples/css/sky-mega-menu.css]
[voky.com.ua/showcase/sky-mega-menu/examples/demo-corporate.html]
[voky.com.ua/showcase/sky-mega-menu/examples/demo-personal.html]
[voky.com.ua/showcase/sky-mega-menu/examples/demo-ecommerce.html]
[voky.com.ua/showcase/sky-mega-menu/examples/demo-admin.html]
[voky.com.ua/showcase/sky-mega-menu/examples/mobile-switcher.html]
[voky.com.ua/showcase/sky-mega-menu/examples/mobile-stack.html]
[voky.com.ua/showcase/sky-mega-menu/examples/mobile-icons.html]
[voky.com.ua/showcase/sky-mega-menu/examples/mobile-disabled.html]
[voky.com.ua/showcase/sky-mega-menu/examples/form-search.html]
[voky.com.ua/showcase/sky-mega-menu/examples/form-contacts.html]
[voky.com.ua/showcase/sky-mega-menu/examples/form-login.html]
[voky.com.ua/showcase/sky-mega-menu/examples/ext-grid.html]
[voky.com.ua/showcase/sky-mega-menu/examples/anim-scale.html]
[voky.com.ua/showcase/sky-mega-menu/examples/anim-flip.html]
[voky.com.ua/showcase/sky-mega-menu/examples/anim-slide.html]
[voky.com.ua/showcase/sky-mega-menu/examples/anim-fade.html]
[voky.com.ua/showcase/sky-mega-menu/examples/pos-top.html]
[voky.com.ua/showcase/sky-mega-menu/examples/pos-right.html]
[voky.com.ua/showcase/sky-mega-menu/examples/pos-bottom.html]
[voky.com.ua/showcase/sky-mega-menu/examples/pos-left.html]
[voky.com.ua/showcase/sky-mega-menu/examples/pos-top-fixed.html]
[voky.com.ua/showcase/sky-mega-menu/examples/pos-right-fixed.html]
[voky.com.ua/showcase/sky-mega-menu/examples/pos-bottom-fixed.html]
[voky.com.ua/showcase/sky-mega-menu/examples/pos-left-fixed.html]
[voky.com.ua/showcase/sky-mega-menu/examples/scheme-cyan.html]
[voky.com.ua/showcase/sky-mega-menu/examples/scheme-red.html]
[voky.com.ua/showcase/sky-mega-menu/examples/scheme-orange.html]
[voky.com.ua/showcase/sky-mega-menu/examples/scheme-green.html]
[voky.com.ua/showcase/sky-mega-menu/examples/scheme-purple.html]
[voky.com.ua/showcase/sky-mega-menu/examples/scheme-pink.html]
[voky.com.ua/showcase/sky-mega-menu/examples/scheme-yellow.html]
[voky.com.ua/showcase/sky-mega-menu/examples/scheme-blue.html]
[voky.com.ua/showcase/sky-mega-menu/examples/scheme-black.html]
[voky.com.ua/showcase/sky-mega-menu/examples/img/bg-red.jpg]
[voky.com.ua/showcase/sky-mega-menu/examples/img/bg-orange.jpg]
[voky.com.ua/showcase/sky-mega-menu/examples/img/bg-yellow.jpg]
[voky.com.ua/showcase/sky-mega-menu/examples/img/bg-green.jpg]
[voky.com.ua/showcase/sky-mega-menu/examples/img/bg-cyan.jpg]
[voky.com.ua/showcase/sky-mega-menu/examples/img/bg-blue.jpg]
[voky.com.ua/showcase/sky-mega-menu/examples/img/bg-purple.jpg]
[voky.com.ua/showcase/sky-mega-menu/examples/img/bg-pink.jpg]
[voky.com.ua/showcase/sky-mega-menu/examples/img/bg-black.jpg]
[voky.com.ua/showcase/sky-mega-menu/examples/css/demo.css]
[voky.com.ua/showcase/sky-mega-menu/examples/icons/fontawesome-webfontba72.eot]
[voky.com.ua/showcase/sky-mega-menu/examples/icons/fontawesome-webfontd41d.eot]
[voky.com.ua/showcase/sky-mega-menu/examples/css/font-awesome.css]
[voky.com.ua/showcase/sky-mega-menu/examples/icons/fontawesome-webfontba72.svg]
[voky.com.ua/showcase/sky-mega-menu/examples/css/sky-mega-menu.css]
[voky.com.ua/showcase/sky-mega-menu/examples/css/sky-mega-menu-purple.css]
[voky.com.ua/showcase/sky-mega-menu/examples/css/sky-mega-menu-orange.css]
[voky.com.ua/showcase/sky-mega-menu/examples/css/sky-mega-menu-red.css]
[voky.com.ua/showcase/sky-mega-menu/examples/css/sky-mega-menu-green.css]
[voky.com.ua/showcase/sky-mega-menu/examples/css/sky-mega-menu-pink.css]
[voky.com.ua/showcase/sky-mega-menu/examples/css/sky-mega-menu-yellow.css]
[voky.com.ua/showcase/sky-mega-menu/examples/css/sky-mega-menu-blue.css]
[voky.com.ua/showcase/sky-mega-menu/examples/css/sky-mega-menu-black.css]
[voky.com.ua/showcase/sky-mega-menu/examples/icons/fontawesome-webfontba72.woff]
[voky.com.ua/showcase/sky-mega-menu/examples/icons/fontawesome-webfontba72.ttf]
[voky.com.ua/showcase/sky-mega-menu/examples/icons/fontawesome-webfontba72.svg]
