[www.creativetier.com/products/modern-menu/index.html]
[backblue.gif]
[fade.gif]
[index.html]
[www.creativetier.com/products/modern-menu/preview/preview.css]
[www.creativetier.com/products/modern-menu/modern-menu/modern-menu.css]
[www.creativetier.com/products/modern-menu/modern-menu/images/facebook.png]
[www.creativetier.com/products/modern-menu/modern-menu/images/twitter.png]
[www.creativetier.com/products/modern-menu/modern-menu/images/googleplus.png]
[www.creativetier.com/products/modern-menu/modern-menu/images/linkedin.png]
[www.creativetier.com/products/modern-menu/index.html]
[www.creativetier.com/products/modern-menu/preview/page-background.jpg]
[www.creativetier.com/products/modern-menu/preview/body-background.png]
[www.creativetier.com/products/modern-menu/preview/preview.css]
[www.creativetier.com/products/modern-menu/modern-menu/images/menu1-drop1.png]
[www.creativetier.com/products/modern-menu/modern-menu/images/menu1-drop2.png]
[www.creativetier.com/products/modern-menu/modern-menu/images/menu1-select.png]
[www.creativetier.com/products/modern-menu/modern-menu/images/menu2-drop1.png]
[www.creativetier.com/products/modern-menu/modern-menu/images/menu2-drop2.png]
[www.creativetier.com/products/modern-menu/modern-menu/images/menu2-select.png]
[www.creativetier.com/products/modern-menu/modern-menu/images/menu3-drop1.png]
[www.creativetier.com/products/modern-menu/modern-menu/images/menu3-drop2.png]
[www.creativetier.com/products/modern-menu/modern-menu/images/menu3-select.png]
[www.creativetier.com/products/modern-menu/modern-menu/images/menu4-drop1.png]
[www.creativetier.com/products/modern-menu/modern-menu/images/menu4-drop2.png]
[www.creativetier.com/products/modern-menu/modern-menu/images/menu4-select.png]
[www.creativetier.com/products/modern-menu/modern-menu/images/menu5-drop1.png]
[www.creativetier.com/products/modern-menu/modern-menu/images/menu5-drop2.png]
[www.creativetier.com/products/modern-menu/modern-menu/images/menu5-select.png]
[www.creativetier.com/products/modern-menu/modern-menu/images/menu6-drop1.png]
[www.creativetier.com/products/modern-menu/modern-menu/images/menu6-drop2.png]
[www.creativetier.com/products/modern-menu/modern-menu/images/menu6-select.png]
[www.creativetier.com/products/modern-menu/modern-menu/images/menu7-drop1.png]
[www.creativetier.com/products/modern-menu/modern-menu/images/menu7-drop2.png]
[www.creativetier.com/products/modern-menu/modern-menu/images/menu7-select.png]
[www.creativetier.com/products/modern-menu/modern-menu/images/menu8-drop1.png]
[www.creativetier.com/products/modern-menu/modern-menu/images/menu8-drop2.png]
[www.creativetier.com/products/modern-menu/modern-menu/images/menu8-select.png]
[www.creativetier.com/products/modern-menu/modern-menu/modern-menu.css]
